// Jest Snapshot v1, https://goo.gl/fbAQLP

exports[`<PasswordItem /> renders correctly 1`] = `
<div
  className="password"
>
  <div
    className="password-name"
  >
    Google
  </div>
  <input
    className="password-hash"
    defaultValue="hashedpassword"
    readOnly={true}
    type="password"
  />
  <div
    className="password-date"
  >
    1-04-2019
  </div>
  <div
    className="password-actions"
  >
    <div
      className="white red-text waves-effect waves-teal btn-flat password-reveal"
      onClick={[Function]}
    >
      Odsłoń
    </div>
    <div
      className="blue accent-4 accent-bluewaves-effect waves-light btn password-copy"
      onClick={[Function]}
    >
      Kopiuj
    </div>
  </div>
</div>
`;
