// Jest Snapshot v1, https://goo.gl/fbAQLP

exports[`<PasswordList /> renders correctly 1`] = `
<div
  className="card"
>
  <div
    className="card-content"
  >
    <div
      className="card-title"
    >
      Twoje hasła
    </div>
    <div
      className="password"
    >
      <div
        className="password-name"
      >
        Google
      </div>
      <input
        className="password-hash"
        defaultValue="123dsadasd"
        readOnly={true}
        type="password"
      />
      <div
        className="password-date"
      >
        12-04-2019
      </div>
      <div
        className="password-actions"
      >
        <div
          className="white red-text waves-effect waves-teal btn-flat password-reveal"
          onClick={[Function]}
        >
          Odsłoń
        </div>
        <div
          className="blue accent-4 accent-bluewaves-effect waves-light btn password-copy"
          onClick={[Function]}
        >
          Kopiuj
        </div>
      </div>
    </div>
    <div
      className="password"
    >
      <div
        className="password-name"
      >
        Youtube
      </div>
      <input
        className="password-hash"
        defaultValue="wwwwwsda"
        readOnly={true}
        type="password"
      />
      <div
        className="password-date"
      >
        14-05-2019
      </div>
      <div
        className="password-actions"
      >
        <div
          className="white red-text waves-effect waves-teal btn-flat password-reveal"
          onClick={[Function]}
        >
          Odsłoń
        </div>
        <div
          className="blue accent-4 accent-bluewaves-effect waves-light btn password-copy"
          onClick={[Function]}
        >
          Kopiuj
        </div>
      </div>
    </div>
    <div
      className="password"
    >
      <div
        className="password-name"
      >
        Facebook
      </div>
      <input
        className="password-hash"
        defaultValue="111111111111"
        readOnly={true}
        type="password"
      />
      <div
        className="password-date"
      >
        17-06-2019
      </div>
      <div
        className="password-actions"
      >
        <div
          className="white red-text waves-effect waves-teal btn-flat password-reveal"
          onClick={[Function]}
        >
          Odsłoń
        </div>
        <div
          className="blue accent-4 accent-bluewaves-effect waves-light btn password-copy"
          onClick={[Function]}
        >
          Kopiuj
        </div>
      </div>
    </div>
  </div>
</div>
`;
