// Jest Snapshot v1, https://goo.gl/fbAQLP

exports[`<PasswordForm /> renders correctly 1`] = `
<div
  className="card"
>
  <div
    className="card-content"
  >
    <div
      className="card-title"
    >
      Dodaj hasło
    </div>
    <form
      onSubmit={[Function]}
    >
      <div
        className="row card-form-inputs"
      >
        <div
          className="input-field col s5"
        >
          <input
            className="validate"
            id="password-name"
            type="text"
          />
          <label
            htmlFor="password-name"
          >
            Strona
          </label>
        </div>
        <div
          className="input-field col s5"
        >
          <input
            className="validate"
            id="password-hash"
            onChange={[Function]}
            type="password"
          />
          <label
            htmlFor="password-hash"
          >
            Hasło
          </label>
        </div>
        <div
          className="input-field col s2"
        >
          <button
            className="blue accent-4 accent-bluewaves-effect waves-light btn password-copy"
          >
            Zapisz
          </button>
        </div>
      </div>
      <div
        className="form card-form-inputs password-strength-meter active"
      >
        <div
          className="input-field col s12"
        >
          <div
            className="password-strength-meter-wrapper"
          >
            <progress
              className="password-strength-meter-progress strength-Good"
              max="4"
              value={3}
            />
          </div>
        </div>
      </div>
    </form>
  </div>
</div>
`;
